Error when charging pipeline for agency : open masking_agency.yml: no such file or directory
